// Jest Snapshot v1, https://goo.gl/fbAQLP

exports[`behavior retrieving redux state data 1`] = `[MockFunction]`;
