// Jest Snapshot v1, https://goo.gl/fbAQLP

exports[`Render Test renders DefaultLabel 1`] = `
<label
  className="sc-bdnylx dKMMFq"
/>
`;
