// Jest Snapshot v1, https://goo.gl/fbAQLP

exports[`Render Test renders DefaultInput 1`] = `
<input
  className="ant-input sc-bdnylx losJSz"
  onBlur={[Function]}
  onChange={[Function]}
  onFocus={[Function]}
  onKeyDown={[Function]}
  type="text"
  value=""
/>
`;
