// Jest Snapshot v1, https://goo.gl/fbAQLP

exports[`Render Test renders DefaultForm 1`] = `
<div
  className="sc-bdnylx jRNaPf"
/>
`;
