// Jest Snapshot v1, https://goo.gl/fbAQLP

exports[`Render Test renders StyledError 1`] = `
<p
  className="sc-bdnylx ekZepH"
/>
`;
